// Jest Snapshot v1, https://goo.gl/fbAQLP

exports[`GraphQL Type: Cell fetch cell's battlefield's scalar values 1`] = `
Object {
  "cell": Object {
    "battlefield": Object {
      "id": "2",
    },
  },
}
`;

exports[`GraphQL Type: Cell fetch cell's only scalar values 1`] = `
Object {
  "cell": Object {
    "coordinate": "A1",
    "id": "1",
    "seq": 0,
  },
}
`;
