// Jest Snapshot v1, https://goo.gl/fbAQLP

exports[`GraphQL Type: Cell fetch cell by ID 1`] = `
Object {
  "data": Object {
    "cell": Object {
      "coordinate": "A1",
      "id": "1",
      "seq": 0,
    },
  },
  "errors": undefined,
  "extensions": undefined,
  "http": Object {
    "headers": Headers {
      Symbol(map): Object {},
    },
  },
}
`;
